../Core/Src/main.c:109:20:ToggleBuzzer	16	static
../Core/Src/main.c:177:5:main	16	static
../Core/Src/main.c:347:6:SystemClock_Config	96	static
../Core/Src/main.c:398:13:MX_ADC1_Init	48	static
../Core/Src/main.c:464:13:MX_ADC2_Init	32	static
../Core/Src/main.c:521:13:MX_I2C1_Init	8	static
../Core/Src/main.c:569:13:MX_TIM1_Init	56	static
../Core/Src/main.c:620:13:MX_TIM2_Init	64	static
../Core/Src/main.c:692:13:MX_TIM7_Init	24	static
../Core/Src/main.c:730:13:MX_GPIO_Init	48	static
../Core/Src/main.c:834:6:HAL_TIM_PeriodElapsedCallback	16	static
../Core/Src/main.c:900:6:Error_Handler	4	static,ignoring_inline_asm
