../Menu/menu.c:158:6:SetErrorState	16	static
../Menu/menu.c:163:15:GetErrorState	4	static
../Menu/menu.c:168:6:LedUpdateBlink	8	static
../Menu/menu.c:192:6:ReadVoltageADC	16	static
../Menu/menu.c:215:6:SetFrequency	16	static
../Menu/menu.c:231:6:SetDutyCycle_us	16	static
../Menu/menu.c:243:6:HLine	24	static
../Menu/menu.c:255:6:ContactUs	16	static
../Menu/menu.c:293:6:WeldDisplay	16	static
../Menu/menu.c:314:6:DisplayRunMenu	24	static
../Menu/menu.c:383:15:VariableMachine	24	static
../Menu/menu.c:412:6:StandBy	16	static
../Menu/menu.c:514:6:MainMenu	24	static
../Menu/menu.c:632:6:IntAdjust	40	static
../Menu/menu.c:738:6:StringChange	16	static
../Menu/menu.c:815:6:FloatAdjust	40	static
../Menu/menu.c:964:6:WriteValueStructToEeprom	32	static
../Menu/menu.c:1017:6:ReadValueStructFromEeprom	32	static
../Menu/menu.c:1074:6:WriteValueStructArrayToEeprom	24	static
../Menu/menu.c:1099:6:ReadValueStructArrayFromEeprom	24	static
../Menu/menu.c:1121:6:InitValueWriteToEeprom	8	static
../Menu/menu.c:1130:6:InitValueReadFromEeprom	8	static
../Menu/menu.c:1308:7:NtcTemp	48	static
