../Core/Src/main.c:108:20:ToggleBuzzer	16	static
../Core/Src/main.c:175:5:main	16	static
../Core/Src/main.c:344:6:SystemClock_Config	96	static
../Core/Src/main.c:393:13:MX_ADC2_Init	32	static
../Core/Src/main.c:450:13:MX_I2C1_Init	8	static
../Core/Src/main.c:498:13:MX_TIM2_Init	64	static
../Core/Src/main.c:568:13:MX_TIM3_Init	56	static
../Core/Src/main.c:617:13:MX_TIM7_Init	24	static
../Core/Src/main.c:655:13:MX_GPIO_Init	48	static
../Core/Src/main.c:763:6:HAL_TIM_PeriodElapsedCallback	16	static
../Core/Src/main.c:829:6:Error_Handler	4	static,ignoring_inline_asm
