../Menu/menu.c:159:6:SetErrorState	16	static
../Menu/menu.c:164:15:GetErrorState	4	static
../Menu/menu.c:169:6:LedUpdateBlink	8	static
../Menu/menu.c:193:6:ReadVoltageADC	16	static
../Menu/menu.c:216:6:SetFrequency	16	static
../Menu/menu.c:233:6:SetDutyCycle_us	24	static
../Menu/menu.c:244:6:StartPWMs	8	static
../Menu/menu.c:262:6:StopPWMs	8	static
../Menu/menu.c:272:6:HLine	24	static
../Menu/menu.c:284:6:ContactUs	16	static
../Menu/menu.c:322:6:WeldDisplay	16	static
../Menu/menu.c:343:6:DisplayRunMenu	24	static
../Menu/menu.c:412:15:VariableMachine	24	static
../Menu/menu.c:441:6:StandBy	16	static
../Menu/menu.c:542:6:MainMenu	24	static
../Menu/menu.c:649:6:IntAdjust	40	static
../Menu/menu.c:755:6:StringChange	16	static
../Menu/menu.c:832:6:FloatAdjust	40	static
../Menu/menu.c:981:6:WriteValueStructToEeprom	32	static
../Menu/menu.c:1034:6:ReadValueStructFromEeprom	32	static
../Menu/menu.c:1091:6:WriteValueStructArrayToEeprom	24	static
../Menu/menu.c:1116:6:ReadValueStructArrayFromEeprom	24	static
../Menu/menu.c:1138:6:InitValueWriteToEeprom	8	static
../Menu/menu.c:1147:6:InitValueReadFromEeprom	8	static
../Menu/menu.c:1325:7:NtcTemp	48	static
