../Core/Src/main.c:96:20:ToggleBuzzer	16	static
../Core/Src/main.c:160:5:main	16	static
../Core/Src/main.c:323:6:SystemClock_Config	72	static
../Core/Src/main.c:363:13:MX_I2C1_Init	8	static
../Core/Src/main.c:397:13:MX_TIM1_Init	56	static
../Core/Src/main.c:447:13:MX_TIM3_Init	64	static
../Core/Src/main.c:506:13:MX_TIM7_Init	16	static
../Core/Src/main.c:544:13:MX_GPIO_Init	40	static
../Core/Src/main.c:632:6:HAL_TIM_PeriodElapsedCallback	16	static
../Core/Src/main.c:747:6:Error_Handler	4	static,ignoring_inline_asm
