../Lcd/lcd.c:9:6:LcdRstLow	8	static
../Lcd/lcd.c:14:6:LcdRstHigh	8	static
../Lcd/lcd.c:19:6:LcdEnLow	8	static
../Lcd/lcd.c:24:6:LcdEnHigh	8	static
../Lcd/lcd.c:29:6:LcdEnBlink	8	static
../Lcd/lcd.c:34:6:LcdBackLightSet	8	static
../Lcd/lcd.c:40:6:LcdDelay_us	24	static
../Lcd/lcd.c:51:6:LcdDelay_ms	16	static
../Lcd/lcd.c:63:6:LcdInit	8	static
../Lcd/lcd.c:100:6:LcdClear	8	static
../Lcd/lcd.c:109:6:LcdDisplayOn	8	static
../Lcd/lcd.c:118:6:LcdDisplayOff	8	static
../Lcd/lcd.c:130:6:LcdPuts	16	static
../Lcd/lcd.c:162:6:LcdBlinkOn	8	static
../Lcd/lcd.c:171:6:LcdBlinkOff	8	static
../Lcd/lcd.c:180:6:LcdCursorOn	8	static
../Lcd/lcd.c:189:6:LcdCursorOff	8	static
../Lcd/lcd.c:198:6:LcdScrollLeft	8	static
../Lcd/lcd.c:206:6:LcdScrollRight	8	static
../Lcd/lcd.c:216:6:LcdCreateChar	24	static
../Lcd/lcd.c:234:6:LcdPutCustom	16	static
../Lcd/lcd.c:244:6:LcdPut	16	static
../Lcd/lcd.c:253:6:LcdCmd	16	static
../Lcd/lcd.c:264:6:LcdCmd4bit	16	static
../Lcd/lcd.c:277:6:LcdData	16	static
../Lcd/lcd.c:289:6:LcdCursorSet	24	static
../Lcd/lcd.c:303:9:LcdGetWidth	4	static
../Lcd/lcd.c:309:9:LcdGetHeight	4	static
