../Lcd/lcd.c:9:6:LcdRstLow	8	static
../Lcd/lcd.c:14:6:LcdRstHigh	8	static
../Lcd/lcd.c:19:6:LcdEnLow	8	static
../Lcd/lcd.c:24:6:LcdEnHigh	8	static
../Lcd/lcd.c:29:6:LcdEnBlink	8	static
../Lcd/lcd.c:34:6:LcdBackLightSet	8	static
../Lcd/lcd.c:40:6:LcdDelay_us	24	static
../Lcd/lcd.c:51:6:LcdDelay_ms	16	static
../Lcd/lcd.c:63:6:LcdInit	8	static
../Lcd/lcd.c:100:6:LcdClear	8	static
../Lcd/lcd.c:110:6:LcdDisplayOn	8	static
../Lcd/lcd.c:119:6:LcdDisplayOff	8	static
../Lcd/lcd.c:131:6:LcdPuts	16	static
../Lcd/lcd.c:163:6:LcdBlinkOn	8	static
../Lcd/lcd.c:172:6:LcdBlinkOff	8	static
../Lcd/lcd.c:181:6:LcdCursorOn	8	static
../Lcd/lcd.c:190:6:LcdCursorOff	8	static
../Lcd/lcd.c:199:6:LcdScrollLeft	8	static
../Lcd/lcd.c:207:6:LcdScrollRight	8	static
../Lcd/lcd.c:217:6:LcdCreateChar	24	static
../Lcd/lcd.c:235:6:LcdPutCustom	16	static
../Lcd/lcd.c:245:6:LcdPut	16	static
../Lcd/lcd.c:254:6:LcdCmd	16	static
../Lcd/lcd.c:265:6:LcdCmd4bit	16	static
../Lcd/lcd.c:278:6:LcdData	16	static
../Lcd/lcd.c:290:6:LcdCursorSet	24	static
../Lcd/lcd.c:304:9:LcdGetWidth	4	static
../Lcd/lcd.c:310:9:LcdGetHeight	4	static
