../Menu/menu.c:159:6:SetErrorState	16	static
../Menu/menu.c:164:15:GetErrorState	4	static
../Menu/menu.c:169:6:LedUpdateBlink	8	static
../Menu/menu.c:193:6:ReadVoltageADC	16	static
../Menu/menu.c:214:6:SetFrequency	16	static
../Menu/menu.c:231:6:SetDutyCycle_us	24	static
../Menu/menu.c:247:6:StartPWMs	8	static
../Menu/menu.c:265:6:StopPWMs	8	static
../Menu/menu.c:275:6:HLine	24	static
../Menu/menu.c:287:6:ContactUs	16	static
../Menu/menu.c:325:6:WeldDisplay	16	static
../Menu/menu.c:346:6:DisplayRunMenu	24	static
../Menu/menu.c:415:15:VariableMachine	24	static
../Menu/menu.c:444:6:StandBy	16	static
../Menu/menu.c:545:6:MainMenu	24	static
../Menu/menu.c:652:6:IntAdjust	40	static
../Menu/menu.c:758:6:StringChange	16	static
../Menu/menu.c:835:6:FloatAdjust	40	static
../Menu/menu.c:984:6:WriteValueStructToEeprom	32	static
../Menu/menu.c:1037:6:ReadValueStructFromEeprom	32	static
../Menu/menu.c:1094:6:WriteValueStructArrayToEeprom	24	static
../Menu/menu.c:1119:6:ReadValueStructArrayFromEeprom	24	static
../Menu/menu.c:1141:6:InitValueWriteToEeprom	8	static
../Menu/menu.c:1150:6:InitValueReadFromEeprom	8	static
../Menu/menu.c:1328:7:NtcTemp	48	static
