../Menu/menu.c:135:6:SetFrequency	16	static
../Menu/menu.c:151:6:SetDutyCycle	32	static
../Menu/menu.c:173:6:SetRamp	8	static
../Menu/menu.c:211:6:HLine	24	static
../Menu/menu.c:223:6:ContactUs	16	static
../Menu/menu.c:254:6:WeldDisplay	16	static
../Menu/menu.c:275:6:DisplayRunMenu	24	static
../Menu/menu.c:350:15:VariableMachine	24	static
../Menu/menu.c:379:6:StandBy	16	static
../Menu/menu.c:500:6:MainMenu	32	static
../Menu/menu.c:589:6:IntAdjust	40	static
../Menu/menu.c:680:6:StringChange	16	static
../Menu/menu.c:768:6:FloatAdjust	40	static
../Menu/menu.c:915:6:WriteValueStructToEeprom	32	static
../Menu/menu.c:962:6:ReadValueStructFromEeprom	32	static
../Menu/menu.c:1019:6:WriteValueStructArrayToEeprom	24	static
../Menu/menu.c:1044:6:ReadValueStructArrayFromEeprom	24	static
../Menu/menu.c:1065:6:InitValueWriteToEeprom	8	static
../Menu/menu.c:1073:6:InitValueReadFromEeprom	16	static
../Menu/menu.c:1249:7:NtcTemp	48	static
